$ ls -la /workspace/uploads/
total 38104
drwxr-xr-x  974 root root 12931072 Sep  3 06:59 .
drwxr-xr-x 1028 root root 13160448 Sep  3 06:59 ..
drwxr-xr-x  973 root root 12926976 Sep  3 06:59 Website Code Overhaul Needed1
$ ls -la "/workspace/uploads/Website Code Overhaul Needed1/"

total 37872
drwxr-xr-x 973 root root 12926976 Sep  3 06:59 .
drwxr-xr-x 974 root root 12931072 Sep  3 06:59 ..
drwxr-xr-x  86 root root   475136 Sep  3 06:59 .storage
drwxr-xr-x 887 root root 12447744 Sep  3 06:59 workspace
$ ls -la "/workspace/uploads/Website Code Overhaul Needed1/workspace/"

total 36921
drwxr-xr-x 887 root root 12447744 Sep  3 06:59 .
drwxr-xr-x 973 root root 12926976 Sep  3 06:59 ..
-rw-r--r--   1 root root  1350899 Sep  3 06:59 .MGXEnv.json
drwxr-xr-x   3 root root     8192 Sep  3 06:59 .MGXTools
drwxr-xr-x 240 root root  1986560 Sep  3 06:59 .git
-rw-r--r--   1 root root     1472 Sep  3 06:59 .gitattributes
-rw-r--r--   1 root root      476 Sep  3 06:59 .gitignore
-rw-r--r--   1 root root      542 Sep  3 06:59 .timeline.json
-rw-r--r--   1 root root     2497 Sep  3 06:59 .wiki.md
drwxr-xr-x 640 root root  9080832 Sep  3 06:59 uploads
$ find "/workspace/uploads/Website Code Overhaul Needed1/workspace" -name "*.html" -o -name "*.js" -o -name "*.css" -o -name "*.json" -o -name "*.md" | head -20

/workspace/uploads/Website Code Overhaul Needed1/workspace/.MGXEnv.json
/workspace/uploads/Website Code Overhaul Needed1/workspace/.MGXTools/9a4ea84c669042e0ba68f69de7fc8c49.json
/workspace/uploads/Website Code Overhaul Needed1/workspace/.timeline.json
/workspace/uploads/Website Code Overhaul Needed1/workspace/.wiki.md
/workspace/uploads/Website Code Overhaul Needed1/workspace/uploads/Modern Office Supplies Site/.storage/19/e1bab444/index.html
/workspace/uploads/Website Code Overhaul Needed1/workspace/uploads/Modern Office Supplies Site/.storage/2/4f28936a/test-f7ec727e-f8c9-4ae9-99ee-ba5975c29060.json
/workspace/uploads/Website Code Overhaul Needed1/workspace/uploads/Modern Office Supplies Site/.storage/21/86dc8827/package.json
/workspace/uploads/Website Code Overhaul Needed1/workspace/uploads/Modern Office Supplies Site/build/original/assets/index-COwvjjJ_.css
/workspace/uploads/Website Code Overhaul Needed1/workspace/uploads/Modern Office Supplies Site/build/original/assets/index-VRMN-ptI.js
/workspace/uploads/Website Code Overhaul Needed1/workspace/uploads/Modern Office Supplies Site/build/original/index.html
/workspace/uploads/Website Code Overhaul Needed1/workspace/uploads/Modern Office Supplies Site/workspace/.MGXEnv.json
/workspace/uploads/Website Code Overhaul Needed1/workspace/uploads/Modern Office Supplies Site/workspace/.MGXTools/cf0248e7b668475f89ccaa9ef07522da.json
/workspace/uploads/Website Code Overhaul Needed1/workspace/uploads/Modern Office Supplies Site/workspace/.timeline.json
/workspace/uploads/Website Code Overhaul Needed1/workspace/uploads/Modern Office Supplies Site/workspace/.wiki.md
/workspace/uploads/Website Code Overhaul Needed1/workspace/uploads/Modern Office Supplies Site/workspace/shadcn-ui/README.md
/workspace/uploads/Website Code Overhaul Needed1/workspace/uploads/Modern Office Supplies Site/workspace/shadcn-ui/components.json
/workspace/uploads/Website Code Overhaul Needed1/workspace/uploads/Modern Office Supplies Site/workspace/shadcn-ui/dist/assets/AboutPage-vW0smt2w.js
/workspace/uploads/Website Code Overhaul Needed1/workspace/uploads/Modern Office Supplies Site/workspace/shadcn-ui/dist/assets/AccountPage-Buygyq1v.js
/workspace/uploads/Website Code Overhaul Needed1/workspace/uploads/Modern Office Supplies Site/workspace/shadcn-ui/dist/assets/CartPage-CkhUfTA7.js
/workspace/uploads/Website Code Overhaul Needed1/workspace/uploads/Modern Office Supplies Site/workspace/shadcn-ui/dist/assets/CheckoutPage-dV5Lkvfi.js
$ find "/workspace/uploads/Website Code Overhaul Needed1/workspace/uploads/Modern Office Supplies Site/workspace/shadcn-ui/src" -name "*.tsx" -o -name "*.ts" | head -10

/workspace/uploads/Website Code Overhaul Needed1/workspace/uploads/Modern Office Supplies Site/workspace/shadcn-ui/src/App.tsx
/workspace/uploads/Website Code Overhaul Needed1/workspace/uploads/Modern Office Supplies Site/workspace/shadcn-ui/src/components/3d/Product3D.tsx
/workspace/uploads/Website Code Overhaul Needed1/workspace/uploads/Modern Office Supplies Site/workspace/shadcn-ui/src/components/3d/SafeProduct3D.tsx
/workspace/uploads/Website Code Overhaul Needed1/workspace/uploads/Modern Office Supplies Site/workspace/shadcn-ui/src/components/AboutSection.tsx
/workspace/uploads/Website Code Overhaul Needed1/workspace/uploads/Modern Office Supplies Site/workspace/shadcn-ui/src/components/ContactSection.tsx
/workspace/uploads/Website Code Overhaul Needed1/workspace/uploads/Modern Office Supplies Site/workspace/shadcn-ui/src/components/ErrorBoundary.tsx
/workspace/uploads/Website Code Overhaul Needed1/workspace/uploads/Modern Office Supplies Site/workspace/shadcn-ui/src/components/Footer.tsx
/workspace/uploads/Website Code Overhaul Needed1/workspace/uploads/Modern Office Supplies Site/workspace/shadcn-ui/src/components/Hero.tsx
/workspace/uploads/Website Code Overhaul Needed1/workspace/uploads/Modern Office Supplies Site/workspace/shadcn-ui/src/components/Navigation.tsx
/workspace/uploads/Website Code Overhaul Needed1/workspace/uploads/Modern Office Supplies Site/workspace/shadcn-ui/src/components/ProductShowcase.tsx
$ cp -r "/workspace/uploads/Website Code Overhaul Needed1/workspace/uploads/Modern Office Supplies Site/workspace/shadcn-ui" ./

$ cd shadcn-ui && pnpm i

Lockfile is up to date, resolution step is skipped
Progress: resolved 1, reused 0, downloaded 0, added 0
Packages: +489
++++++++++++++++++++++++++++++++++++++++++++++++++++++++++++++++++++++++++++++++
Progress: resolved 489, reused 0, downloaded 0, added 0
Progress: resolved 489, reused 205, downloaded 0, added 0
Progress: resolved 489, reused 425, downloaded 0, added 0
Progress: resolved 489, reused 425, downloaded 0, added 1
Progress: resolved 489, reused 425, downloaded 0, added 42
Progress: resolved 489, reused 425, downloaded 0, added 84
Progress: resolved 489, reused 425, downloaded 0, added 96
Progress: resolved 489, reused 425, downloaded 0, added 105
Progress: resolved 489, reused 425, downloaded 0, added 110
Progress: resolved 489, reused 425, downloaded 0, added 124
Progress: resolved 489, reused 425, downloaded 0, added 136
Progress: resolved 489, reused 425, downloaded 0, added 150
Progress: resolved 489, reused 425, downloaded 0, added 172
Progress: resolved 489, reused 425, downloaded 0, added 198
Progress: resolved 489, reused 425, downloaded 0, added 223
Progress: resolved 489, reused 425, downloaded 0, added 241
Progress: resolved 489, reused 425, downloaded 0, added 244
Progress: resolved 489, reused 425, downloaded 0, added 252
Progress: resolved 489, reused 425, downloaded 0, added 262
Progress: resolved 489, reused 425, downloaded 0, added 279
Progress: resolved 489, reused 425, downloaded 0, added 291
Progress: resolved 489, reused 425, downloaded 0, added 312
Progress: resolved 489, reused 425, downloaded 0, added 325
Progress: resolved 489, reused 425, downloaded 1, added 344
Progress: resolved 489, reused 425, downloaded 1, added 375
Progress: resolved 489, reused 425, downloaded 2, added 398
Progress: resolved 489, reused 425, downloaded 6, added 403
Progress: resolved 489, reused 425, downloaded 9, added 404
Progress: resolved 489, reused 425, downloaded 12, added 409
Progress: resolved 489, reused 425, downloaded 16, added 416
Progress: resolved 489, reused 425, downloaded 24, added 425
Progress: resolved 489, reused 425, downloaded 35, added 433
Progress: resolved 489, reused 425, downloaded 40, added 437
Progress: resolved 489, reused 425, downloaded 45, added 445
Progress: resolved 489, reused 425, downloaded 52, added 449
Progress: resolved 489, reused 425, downloaded 55, added 458
Progress: resolved 489, reused 425, downloaded 59, added 465
Progress: resolved 489, reused 425, downloaded 59, added 467
Progress: resolved 489, reused 425, downloaded 59, added 468
Progress: resolved 489, reused 425, downloaded 59, added 470
Progress: resolved 489, reused 425, downloaded 59, added 472
Progress: resolved 489, reused 425, downloaded 59, added 473
Progress: resolved 489, reused 425, downloaded 60, added 473
Progress: resolved 489, reused 425, downloaded 60, added 474
Progress: resolved 489, reused 425, downloaded 61, added 474
Progress: resolved 489, reused 425, downloaded 61, added 475
Progress: resolved 489, reused 425, downloaded 61, added 478
Progress: resolved 489, reused 425, downloaded 61, added 479
Progress: resolved 489, reused 425, downloaded 61, added 480
Progress: resolved 489, reused 425, downloaded 61, added 481
Progress: resolved 489, reused 425, downloaded 62, added 481
Progress: resolved 489, reused 425, downloaded 62, added 482
Progress: resolved 489, reused 425, downloaded 63, added 482
Progress: resolved 489, reused 425, downloaded 64, added 482
Progress: resolved 489, reused 425, downloaded 64, added 483
Progress: resolved 489, reused 425, downloaded 64, added 484
Progress: resolved 489, reused 425, downloaded 64, added 485
Progress: resolved 489, reused 425, downloaded 64, added 486
Progress: resolved 489, reused 425, downloaded 64, added 487
Progress: resolved 489, reused 425, downloaded 64, added 488
Progress: resolved 489, reused 425, downloaded 64, added 489
Progress: resolved 489, reused 425, downloaded 64, added 489, done
.../node_modules/@swc/core postinstall$ node postinstall.js
.../esbuild@0.25.9/node_modules/esbuild postinstall$ node install.js
.../esbuild@0.21.5/node_modules/esbuild postinstall$ node install.js
.../node_modules/@swc/core postinstall: Done
.../esbuild@0.25.9/node_modules/esbuild postinstall: Done
.../esbuild@0.21.5/node_modules/esbuild postinstall: Done

dependencies:
+ @hookform/resolvers 3.10.0
+ @radix-ui/react-accordion 1.2.12
+ @radix-ui/react-alert-dialog 1.1.15
+ @radix-ui/react-aspect-ratio 1.1.7
+ @radix-ui/react-avatar 1.1.10
+ @radix-ui/react-checkbox 1.3.3
+ @radix-ui/react-collapsible 1.1.12
+ @radix-ui/react-context-menu 2.2.16
+ @radix-ui/react-dialog 1.1.15
+ @radix-ui/react-dropdown-menu 2.1.16
+ @radix-ui/react-hover-card 1.1.15
+ @radix-ui/react-label 2.1.7
+ @radix-ui/react-menubar 1.1.16
+ @radix-ui/react-navigation-menu 1.2.14
+ @radix-ui/react-popover 1.1.15
+ @radix-ui/react-progress 1.1.7
+ @radix-ui/react-radio-group 1.3.8
+ @radix-ui/react-scroll-area 1.2.10
+ @radix-ui/react-select 2.2.6
+ @radix-ui/react-separator 1.1.7
+ @radix-ui/react-slider 1.3.6
+ @radix-ui/react-slot 1.2.3
+ @radix-ui/react-switch 1.2.6
+ @radix-ui/react-tabs 1.1.13
+ @radix-ui/react-toast 1.2.15
+ @radix-ui/react-toggle 1.1.10
+ @radix-ui/react-toggle-group 1.1.11
+ @radix-ui/react-tooltip 1.2.8
+ @react-three/drei 10.7.4
+ @react-three/fiber 9.3.0
+ @supabase/supabase-js 2.57.0
+ @tanstack/react-query 5.85.9
+ @types/react-router-dom 5.3.3
+ @types/three 0.179.0
+ @types/uuid 10.0.0
+ class-variance-authority 0.7.1
+ clsx 2.1.1
+ cmdk 1.1.1
+ date-fns 3.6.0
+ embla-carousel-react 8.6.0
+ framer-motion 11.18.2
+ gsap 3.13.0
+ input-otp 1.4.2
+ lottie-react 2.4.1
+ lucide-react 0.462.0
+ next-themes 0.4.6
+ prismjs 1.30.0
+ react 19.1.1
+ react-day-picker 9.9.0
+ react-dom 19.1.1
+ react-dropzone 14.3.8
+ react-error-boundary 4.1.2
+ react-hook-form 7.62.0
+ react-intersection-observer 9.16.0
+ react-resizable-panels 2.1.9
+ react-router-dom 6.30.1
+ recharts 2.15.4
+ sonner 1.7.4
+ tailwind-merge 2.6.0
+ tailwindcss-animate 1.0.7
+ three 0.179.1
+ uuid 10.0.0
+ vaul 1.1.2
+ zod 3.25.76
+ zustand 4.5.7

devDependencies:
+ @eslint/js 9.34.0
+ @metagptx/vite-plugin-source-locator 0.0.6
+ @tailwindcss/aspect-ratio 0.4.2
+ @tailwindcss/typography 0.5.16
+ @types/node 22.18.0
+ @types/react 19.1.12
+ @types/react-dom 19.1.9
+ @vitejs/plugin-react-swc 3.11.0
+ autoprefixer 10.4.21
+ eslint 9.34.0
+ eslint-plugin-react-hooks 5.2.0
+ eslint-plugin-react-refresh 0.4.20
+ globals 15.15.0
+ lovable-tagger 1.1.9
+ postcss 8.5.6
+ tailwindcss 3.4.17
+ typescript 5.9.2
+ typescript-eslint 8.42.0
+ vite 5.4.19

Done in 1m 39s
